2025-12-27 12:23:37.473 | INFO     | utils.logger:setup_logger:84 - 日志系统初始化成功
2025-12-27 12:23:37.473 | INFO     | utils.logger:setup_logger:85 - 日志目录: d:\programs\wallhaven_downloader-main\src\..\logs
2025-12-27 12:23:37.473 | INFO     | utils.logger:setup_logger:86 - 日志级别: INFO
2025-12-27 12:23:37.711 | ERROR    | main_window:<module>:39 - 导入模块失败: No module named 'ui.glass_widgets'，使用本地类定义
2025-12-27 12:27:22.779 | INFO     | utils.logger:setup_logger:84 - 日志系统初始化成功
2025-12-27 12:27:22.780 | INFO     | utils.logger:setup_logger:85 - 日志目录: D:\programs\wallhaven_downloader-main\src\..\logs
2025-12-27 12:27:22.780 | INFO     | utils.logger:setup_logger:86 - 日志级别: INFO
2025-12-27 15:08:07.739 | INFO     | utils.logger:setup_logger:84 - 日志系统初始化成功
2025-12-27 15:08:07.740 | INFO     | utils.logger:setup_logger:85 - 日志目录: d:\programs\wallhaven_downloader-main\src\..\logs
2025-12-27 15:08:07.740 | INFO     | utils.logger:setup_logger:86 - 日志级别: INFO
2025-12-27 15:20:17.373 | INFO     | utils.logger:setup_logger:84 - 日志系统初始化成功
2025-12-27 15:20:17.373 | INFO     | utils.logger:setup_logger:85 - 日志目录: d:\programs\wallhaven_downloader-main\src\..\logs
2025-12-27 15:20:17.373 | INFO     | utils.logger:setup_logger:86 - 日志级别: INFO
2025-12-27 15:35:00.344 | INFO     | utils.logger:setup_logger:84 - 日志系统初始化成功
2025-12-27 15:35:00.345 | INFO     | utils.logger:setup_logger:85 - 日志目录: d:\programs\wallhaven_downloader-main\src\..\logs
2025-12-27 15:35:00.346 | INFO     | utils.logger:setup_logger:86 - 日志级别: INFO
2025-12-27 15:38:35.165 | INFO     | utils.logger:setup_logger:84 - 日志系统初始化成功
2025-12-27 15:38:35.165 | INFO     | utils.logger:setup_logger:85 - 日志目录: d:\programs\wallhaven_downloader-main\src\..\logs
2025-12-27 15:38:35.165 | INFO     | utils.logger:setup_logger:86 - 日志级别: INFO
2025-12-27 15:44:15.951 | INFO     | utils.logger:setup_logger:84 - 日志系统初始化成功
2025-12-27 15:44:15.952 | INFO     | utils.logger:setup_logger:85 - 日志目录: d:\programs\wallhaven_downloader-main\src\..\logs
2025-12-27 15:44:15.952 | INFO     | utils.logger:setup_logger:86 - 日志级别: INFO
2025-12-27 16:01:27.949 | INFO     | utils.logger:setup_logger:84 - 日志系统初始化成功
2025-12-27 16:01:27.949 | INFO     | utils.logger:setup_logger:85 - 日志目录: d:\programs\wallhaven_downloader-main\src\..\logs
2025-12-27 16:01:27.949 | INFO     | utils.logger:setup_logger:86 - 日志级别: INFO
2025-12-27 16:06:41.613 | INFO     | utils.logger:setup_logger:84 - 日志系统初始化成功
2025-12-27 16:06:41.614 | INFO     | utils.logger:setup_logger:85 - 日志目录: d:\programs\wallhaven_downloader-main\src\..\logs
2025-12-27 16:06:41.614 | INFO     | utils.logger:setup_logger:86 - 日志级别: INFO
2025-12-27 16:10:43.956 | INFO     | utils.logger:setup_logger:84 - 日志系统初始化成功
2025-12-27 16:10:43.956 | INFO     | utils.logger:setup_logger:85 - 日志目录: d:\programs\wallhaven_downloader-main\src\..\logs
2025-12-27 16:10:43.956 | INFO     | utils.logger:setup_logger:86 - 日志级别: INFO
2025-12-27 16:15:24.629 | INFO     | utils.logger:setup_logger:84 - 日志系统初始化成功
2025-12-27 16:15:24.630 | INFO     | utils.logger:setup_logger:85 - 日志目录: d:\programs\wallhaven_downloader-main\src\..\logs
2025-12-27 16:15:24.630 | INFO     | utils.logger:setup_logger:86 - 日志级别: INFO
2025-12-27 16:15:51.782 | INFO     | utils.logger:setup_logger:84 - 日志系统初始化成功
2025-12-27 16:15:51.783 | INFO     | utils.logger:setup_logger:85 - 日志目录: d:\programs\wallhaven_downloader-main\src\..\logs
2025-12-27 16:15:51.783 | INFO     | utils.logger:setup_logger:86 - 日志级别: INFO
