2025-12-28 16:54:59.273 | INFO     | utils.logger:setup_logger:85 - 日志系统初始化成功
2025-12-28 16:54:59.274 | INFO     | utils.logger:setup_logger:86 - 日志目录: D:\programs\wallhaven_downloader-main\src\..\logs
2025-12-28 16:54:59.274 | INFO     | utils.logger:setup_logger:87 - 日志级别: INFO
2025-12-28 16:54:59.728 | INFO     | core.i18n_manager:_load_translations:70 - 成功加载翻译文件: zh_CN
2025-12-28 16:55:07.210 | INFO     | core.i18n_manager:_load_translations:70 - 成功加载翻译文件: en_US
2025-12-28 16:55:07.210 | INFO     | core.i18n_manager:set_language:104 - 语言已切换到: English
2025-12-28 16:55:31.205 | INFO     | utils.logger:setup_logger:85 - 日志系统初始化成功
2025-12-28 16:55:31.205 | INFO     | utils.logger:setup_logger:86 - 日志目录: d:\programs\wallhaven_downloader-main\src\..\logs
2025-12-28 16:55:31.205 | INFO     | utils.logger:setup_logger:87 - 日志级别: INFO
2025-12-28 16:55:31.466 | INFO     | core.i18n_manager:_load_translations:70 - 成功加载翻译文件: zh_CN
2025-12-28 16:55:31.467 | INFO     | core.i18n_manager:_load_translations:70 - 成功加载翻译文件: en_US
2025-12-28 16:55:31.467 | INFO     | core.i18n_manager:set_language:104 - 语言已切换到: English
2025-12-28 16:58:47.432 | INFO     | utils.logger:setup_logger:85 - 日志系统初始化成功
2025-12-28 16:58:47.432 | INFO     | utils.logger:setup_logger:86 - 日志目录: D:\programs\wallhaven_downloader-main\src\..\logs
2025-12-28 16:58:47.433 | INFO     | utils.logger:setup_logger:87 - 日志级别: INFO
2025-12-28 16:58:47.684 | INFO     | core.i18n_manager:_load_translations:70 - 成功加载翻译文件: zh_CN
2025-12-28 16:58:47.685 | INFO     | core.i18n_manager:_load_translations:70 - 成功加载翻译文件: en_US
2025-12-28 16:58:47.685 | INFO     | core.i18n_manager:set_language:104 - 语言已切换到: English
2025-12-28 16:58:53.233 | INFO     | core.i18n_manager:_load_translations:70 - 成功加载翻译文件: zh_CN
2025-12-28 16:58:53.234 | INFO     | core.i18n_manager:set_language:104 - 语言已切换到: 简体中文
2025-12-28 16:58:57.951 | INFO     | core.i18n_manager:_load_translations:70 - 成功加载翻译文件: en_US
2025-12-28 16:58:57.951 | INFO     | core.i18n_manager:set_language:104 - 语言已切换到: English
2025-12-28 16:59:13.051 | INFO     | core.i18n_manager:_load_translations:70 - 成功加载翻译文件: zh_CN
2025-12-28 16:59:13.052 | INFO     | core.i18n_manager:set_language:104 - 语言已切换到: 简体中文
2025-12-28 16:59:18.211 | INFO     | core.i18n_manager:_load_translations:70 - 成功加载翻译文件: en_US
2025-12-28 16:59:18.212 | INFO     | core.i18n_manager:set_language:104 - 语言已切换到: English
2025-12-28 16:59:27.039 | INFO     | core.i18n_manager:_load_translations:70 - 成功加载翻译文件: zh_CN
2025-12-28 16:59:27.039 | INFO     | core.i18n_manager:set_language:104 - 语言已切换到: 简体中文
2025-12-28 17:00:16.215 | INFO     | utils.logger:setup_logger:85 - 日志系统初始化成功
2025-12-28 17:00:16.216 | INFO     | utils.logger:setup_logger:86 - 日志目录: d:\programs\wallhaven_downloader-main\src\..\logs
2025-12-28 17:00:16.216 | INFO     | utils.logger:setup_logger:87 - 日志级别: INFO
2025-12-28 17:00:16.464 | INFO     | core.i18n_manager:_load_translations:70 - 成功加载翻译文件: zh_CN
2025-12-28 17:00:43.670 | INFO     | utils.logger:setup_logger:85 - 日志系统初始化成功
2025-12-28 17:00:43.670 | INFO     | utils.logger:setup_logger:86 - 日志目录: d:\programs\wallhaven_downloader-main\src\..\logs
2025-12-28 17:00:43.670 | INFO     | utils.logger:setup_logger:87 - 日志级别: INFO
2025-12-28 17:00:43.897 | INFO     | core.i18n_manager:_load_translations:70 - 成功加载翻译文件: zh_CN
2025-12-28 17:00:51.097 | INFO     | core.i18n_manager:_load_translations:70 - 成功加载翻译文件: en_US
2025-12-28 17:00:51.098 | INFO     | core.i18n_manager:set_language:104 - 语言已切换到: English
2025-12-28 17:01:04.941 | INFO     | core.i18n_manager:_load_translations:70 - 成功加载翻译文件: zh_CN
2025-12-28 17:01:04.942 | INFO     | core.i18n_manager:set_language:104 - 语言已切换到: 简体中文
2025-12-28 17:30:14.629 | INFO     | utils.logger:setup_logger:85 - 日志系统初始化成功
2025-12-28 17:30:14.629 | INFO     | utils.logger:setup_logger:86 - 日志目录: d:\programs\wallhaven_downloader-main\wallhaven_downloader\..\logs
2025-12-28 17:30:14.630 | INFO     | utils.logger:setup_logger:87 - 日志级别: INFO
2025-12-28 17:30:14.892 | INFO     | core.i18n_manager:_load_translations:70 - 成功加载翻译文件: zh_CN
2025-12-28 17:31:52.963 | INFO     | utils.logger:setup_logger:85 - 日志系统初始化成功
2025-12-28 17:31:52.963 | INFO     | utils.logger:setup_logger:86 - 日志目录: d:\programs\wallhaven_downloader-main\wallhaven_downloader\..\logs
2025-12-28 17:31:52.963 | INFO     | utils.logger:setup_logger:87 - 日志级别: INFO
2025-12-28 17:31:53.226 | INFO     | core.i18n_manager:_load_translations:70 - 成功加载翻译文件: zh_CN
2025-12-28 17:32:01.753 | INFO     | core.i18n_manager:_load_translations:70 - 成功加载翻译文件: en_US
2025-12-28 17:32:01.753 | INFO     | core.i18n_manager:set_language:104 - 语言已切换到: English
2025-12-28 17:32:17.397 | INFO     | core.i18n_manager:_load_translations:70 - 成功加载翻译文件: zh_CN
2025-12-28 17:32:17.397 | INFO     | core.i18n_manager:set_language:104 - 语言已切换到: 简体中文
2025-12-28 17:32:23.280 | INFO     | core.i18n_manager:_load_translations:70 - 成功加载翻译文件: en_US
2025-12-28 17:32:23.280 | INFO     | core.i18n_manager:set_language:104 - 语言已切换到: English
2025-12-28 17:32:31.565 | INFO     | core.i18n_manager:_load_translations:70 - 成功加载翻译文件: zh_CN
2025-12-28 17:32:31.566 | INFO     | core.i18n_manager:set_language:104 - 语言已切换到: 简体中文
